Window 1 (initial request)
model: "test-model"
stream: true
instructions: "test"
reasoning: {
  "effort": "high",
  "summary": "auto"
}
tools: [
  {
    "description": "Read the repository",
    "name": "read",
    "strict": false,
    "type": "function"
  }
]
cache_key: "snapshot-session"
Request 1: 0 retained, 4 shown
[0] {
  "content": [
    {
      "text": "Original task: inspect and verify",
      "type": "input_text"
    }
  ],
  "role": "user"
}
[1] {
  "content": [
    {
      "text": "\u003c16200 bytes; sha256:e436eb5b5395\u003e Earlier observed progress.\nEarlier observed progress.\nEarlier observed progress.…",
      "type": "output_text"
    }
  ],
  "role": "assistant",
  "type": "message"
}
[2] {
  "content": [
    {
      "text": "[Session context]\nThis is the complete current session context. It replaces all earlier session context messages; omitted sections no longer apply.\n\nInitial guidance",
      "type": "input_text"
    }
  ],
  "role": "user"
}
[3] {
  "content": [
    {
      "text": "inspect",
      "type": "input_text"
    }
  ],
  "role": "user"
}
Request 2: 4 retained, 3 shown
[4] {
  "arguments": "{}",
  "call_id": "read-1",
  "name": "read",
  "type": "function_call"
}
[5] {
  "call_id": "read-1",
  "output": "observed source",
  "type": "function_call_output"
}
[6] {
  "content": [
    {
      "text": "[Session context]\nThis is the complete current session context. It replaces all earlier session context messages; omitted sections no longer apply.\n\nUpdated guidance",
      "type": "input_text"
    }
  ],
  "role": "user"
}

Window 2 (settings changed: reasoning, tools)
reasoning: {
  "effort": "low",
  "summary": "auto"
}
tools: [
  {
    "description": "Verify the result",
    "name": "verify",
    "strict": false,
    "type": "function"
  }
]
Request 3: 0 retained, 9 shown
[0] {
  "content": [
    {
      "text": "Original task: inspect and verify",
      "type": "input_text"
    }
  ],
  "role": "user"
}
[1] {
  "content": [
    {
      "text": "\u003c16200 bytes; sha256:e436eb5b5395\u003e Earlier observed progress.\nEarlier observed progress.\nEarlier observed progress.…",
      "type": "output_text"
    }
  ],
  "role": "assistant",
  "type": "message"
}
[2] {
  "content": [
    {
      "text": "[Session context]\nThis is the complete current session context. It replaces all earlier session context messages; omitted sections no longer apply.\n\nInitial guidance",
      "type": "input_text"
    }
  ],
  "role": "user"
}
[3] {
  "content": [
    {
      "text": "inspect",
      "type": "input_text"
    }
  ],
  "role": "user"
}
[4] {
  "arguments": "{}",
  "call_id": "read-1",
  "name": "read",
  "type": "function_call"
}
[5] {
  "call_id": "read-1",
  "output": "observed source",
  "type": "function_call_output"
}
[6] {
  "content": [
    {
      "text": "[Session context]\nThis is the complete current session context. It replaces all earlier session context messages; omitted sections no longer apply.\n\nUpdated guidance",
      "type": "input_text"
    }
  ],
  "role": "user"
}
[7] {
  "content": [
    {
      "text": "inspection complete",
      "type": "output_text"
    }
  ],
  "role": "assistant",
  "type": "message"
}
[8] {
  "content": [
    {
      "text": "prepare verification",
      "type": "input_text"
    }
  ],
  "role": "user"
}
Request 4: 9 retained, 3 shown
[9] {
  "content": [
    {
      "text": "inspection complete",
      "type": "output_text"
    }
  ],
  "role": "assistant",
  "type": "message"
}
[10] {
  "content": [
    {
      "text": "continue after compaction",
      "type": "input_text"
    }
  ],
  "role": "user"
}
[11] {
  "content": [
    {
      "text": "\u003c1890 bytes; sha256:f3aec1dceef6\u003e Context checkpoint: your reply replaces the conversation above. Reply with the b…",
      "type": "input_text"
    }
  ],
  "role": "user"
}

Window 3 (history replaced at item 1)
Request 5: 0 retained, 6 shown
[0] {
  "content": [
    {
      "text": "Original task: inspect and verify",
      "type": "input_text"
    }
  ],
  "role": "user"
}
[1] {
  "content": [
    {
      "text": "inspect",
      "type": "input_text"
    }
  ],
  "role": "user"
}
[2] {
  "content": [
    {
      "text": "prepare verification",
      "type": "input_text"
    }
  ],
  "role": "user"
}
[3] {
  "content": [
    {
      "text": "[Session context]\nThis is the complete current session context. It replaces all earlier session context messages; omitted sections no longer apply.\n\nUpdated guidance",
      "type": "input_text"
    }
  ],
  "role": "user"
}
[4] {
  "content": [
    {
      "text": "continue after compaction",
      "type": "input_text"
    }
  ],
  "role": "user"
}
[5] {
  "content": [
    {
      "text": "[Previous conversation summary]\n\nInspected the repository. Continue verification using updated guidance.\n\nContinue the active task from this checkpoint. Earlier requests remain the task scope; later messages may steer it. Do not repeat completed work or treat compaction as a new user request.",
      "type": "input_text"
    }
  ],
  "role": "user"
}
